Hello Kohshi Hello Kohshi
Hello Kohshi Hello Kohshi